<html>
<body>
<pre>
<h1>µVision Build Log</h1>
<h2>Project:</h2>
C:\Documents and Settings\batyrev\RealTimeSystems\project\project.uvproj
Project File Date:  03/11/2017

<h2>Output:</h2>
Build target 'Target 1'
compiling main.c...
linking...
Program Size: Code=1192 RO-data=2924 RW-data=24 ZI-data=5760  
".\project.axf" - 0 Error(s), 0 Warning(s).
Load "C:\\Documents and Settings\\batyrev\\RealTimeSystems\\project\\project.axf" 
Erase Done.
Programming Done.
Verify OK.
Application running ...
</pre>
</body>
</html>
ing ...
atyrev\\RealTimeSystems\\project\\project.axf" 
Erase Done.
Programming Done.
Verify OK.
Application running ...
Load "C:\\Documents and Settings\\batyrev\\RealTimeSystems\\project\\project.axf" 
Erase Done.
Programming Done.
Verify OK.
Application running ...
